// Jest Snapshot v1, https://goo.gl/fbAQLP

exports[`<MainForm /> should render without errors 1`] = `
<Container
  as="div"
  className="form-container"
  fluid={false}
>
  <Bootstrap(Row)>
    <Card
      as="div"
      body={false}
    >
      <CardTitle
        className="form-title"
      >
        Contáctenos
      </CardTitle>
      <CardBody>
        <CustomForm
          handleChange={[Function]}
          handleSubmit={[Function]}
        />
      </CardBody>
    </Card>
  </Bootstrap(Row)>
</Container>
`;
