// Jest Snapshot v1, https://goo.gl/fbAQLP

exports[`<MainForm /> should render without errors 1`] = `
<Container
  as="div"
  className="form-container"
  fluid={false}
>
  <Bootstrap(Row)>
    <Card
      as="div"
      body={false}
    >
      <CardTitle
        className="form-title"
      >
        Contáctenos
      </CardTitle>
      <CardBody>
        <CustomForm
          CustomAlert={[Function]}
          handleChange={[Function]}
          handleSubmit={[Function]}
          validFields={
            Object {
              "apellido": true,
              "direccion": true,
              "email": true,
              "nombre": true,
              "razon": true,
              "telefono": true,
            }
          }
        />
      </CardBody>
    </Card>
  </Bootstrap(Row)>
</Container>
`;
